V3 135
FL "C:/Users/Boris_2/Documents/MIPS 445/project2/alu(1).vhd" 2015/10/04.19:24:06 P.20131013
FL "C:/Users/Boris_2/Documents/MIPS 445/project2/ALUControl.vhd" 2015/10/03.10:07:27 P.20131013
FL "C:/Users/Boris_2/Documents/MIPS 445/project2/ControlUnit.vhd" 2015/09/30.11:21:36 P.20131013
FL "C:/Users/Boris_2/Documents/MIPS 445/project2/Dflipflop.vhd" 2015/10/03.10:24:30 P.20131013
FL "C:/Users/Boris_2/Documents/MIPS 445/project2/instmem(1).vhd" 2015/10/11.13:22:29 P.20131013
FL "C:/Users/Boris_2/Documents/MIPS 445/project2/PC.vhd" 2015/10/10.21:07:26 P.20131013
FL "C:/Users/Boris_2/Documents/MIPS 445/project2/PCADD.vhd" 2015/09/30.11:21:36 P.20131013
FL "C:/Users/Boris_2/Documents/MIPS 445/project2/regfile.vhd" 2015/09/30.11:21:36 P.20131013
FL "C:/Users/Boris_2/Documents/MIPS 445/project2/thirty_two_bit_register.vhd" 2015/10/03.09:34:47 P.20131013
FL "C:/Users/Boris_2/Documents/MIPS 445/project2/toplevel.vhd" 2015/10/10.22:37:03 P.20131013
FL "C:/Users/Boris_2/Documents/MIPS 445/Project3_Boris_Reinosa/project3/alu(1).vhd" 2015/10/04.19:24:06 P.20131013
FL "C:/Users/Boris_2/Documents/MIPS 445/Project3_Boris_Reinosa/project3/ALUControl.vhd" 2015/10/03.10:07:27 P.20131013
FL "C:/Users/Boris_2/Documents/MIPS 445/Project3_Boris_Reinosa/project3/ControlUnit.vhd" 2015/09/30.11:21:36 P.20131013
FL "C:/Users/Boris_2/Documents/MIPS 445/Project3_Boris_Reinosa/project3/Dflipflop.vhd" 2015/10/03.10:24:30 P.20131013
FL "C:/Users/Boris_2/Documents/MIPS 445/Project3_Boris_Reinosa/project3/instmem(1).vhd" 2015/10/11.13:22:29 P.20131013
FL "C:/Users/Boris_2/Documents/MIPS 445/Project3_Boris_Reinosa/project3/PC.vhd" 2015/10/10.21:07:26 P.20131013
FL "C:/Users/Boris_2/Documents/MIPS 445/Project3_Boris_Reinosa/project3/PCADD.vhd" 2015/09/30.11:21:36 P.20131013
FL "C:/Users/Boris_2/Documents/MIPS 445/Project3_Boris_Reinosa/project3/regfile.vhd" 2015/09/30.11:21:36 P.20131013
FL "C:/Users/Boris_2/Documents/MIPS 445/Project3_Boris_Reinosa/project3/thirty_two_bit_register.vhd" 2015/10/03.09:34:47 P.20131013
FL "C:/Users/Boris_2/Documents/MIPS 445/Project3_Boris_Reinosa/project3/toplevel.vhd" 2015/10/10.22:37:03 P.20131013
FL "C:/Users/Boris_2/Documents/MIPS 445/Project4_Boris_Reinosa/lab4/ADD.vhd" 2015/10/28.10:23:04 P.20131013
FL "C:/Users/Boris_2/Documents/MIPS 445/Project4_Boris_Reinosa/lab4/alu(1).vhd" 2015/10/31.13:33:38 P.20131013
FL "C:/Users/Boris_2/Documents/MIPS 445/Project4_Boris_Reinosa/lab4/ALUControl.vhd" 2015/11/08.19:57:39 P.20131013
FL "C:/Users/Boris_2/Documents/MIPS 445/Project4_Boris_Reinosa/lab4/ControlUnit.vhd" 2015/11/21.18:20:29 P.20131013
FL "C:/Users/Boris_2/Documents/MIPS 445/Project4_Boris_Reinosa/lab4/datamem(1).vhd" 2015/10/29.18:11:08 P.20131013
FL "C:/Users/Boris_2/Documents/MIPS 445/Project4_Boris_Reinosa/lab4/datamem(2).vhd" 2015/11/13.23:17:37 P.20131013
FL "C:/Users/Boris_2/Documents/MIPS 445/Project4_Boris_Reinosa/lab4/Dflipflop.vhd" 2015/10/28.09:32:44 P.20131013
FL "C:/Users/Boris_2/Documents/MIPS 445/Project4_Boris_Reinosa/lab4/FiveBitMux.vhd" 2015/10/28.10:32:20 P.20131013
FL "C:/Users/Boris_2/Documents/MIPS 445/Project4_Boris_Reinosa/lab4/instmem(2).vhd" 2015/11/22.19:24:53 P.20131013
FL "C:/Users/Boris_2/Documents/MIPS 445/Project4_Boris_Reinosa/lab4/linkMux.vhd" 2015/11/08.19:13:08 P.20131013
FL "C:/Users/Boris_2/Documents/MIPS 445/Project4_Boris_Reinosa/lab4/PC.vhd" 2015/10/28.09:32:46 P.20131013
FL "C:/Users/Boris_2/Documents/MIPS 445/Project4_Boris_Reinosa/lab4/PCADD.vhd" 2015/10/28.09:32:46 P.20131013
FL "C:/Users/Boris_2/Documents/MIPS 445/Project4_Boris_Reinosa/lab4/regfile(1).vhd" 2015/10/29.18:10:56 P.20131013
FL "C:/Users/Boris_2/Documents/MIPS 445/Project4_Boris_Reinosa/lab4/shiftTwo.vhd" 2015/10/28.10:18:14 P.20131013
FL "C:/Users/Boris_2/Documents/MIPS 445/Project4_Boris_Reinosa/lab4/signExtend.vhd" 2015/10/31.14:38:59 P.20131013
FL "C:/Users/Boris_2/Documents/MIPS 445/Project4_Boris_Reinosa/lab4/thirtyTwoMux.vhd" 2015/10/28.10:29:22 P.20131013
FL "C:/Users/Boris_2/Documents/MIPS 445/Project4_Boris_Reinosa/lab4/thirty_two_bit_register.vhd" 2015/10/28.09:32:48 P.20131013
FL "C:/Users/Boris_2/Documents/MIPS 445/Project4_Boris_Reinosa/lab4/toplevel(1).vhd" 2015/10/31.11:38:13 P.20131013
FL "C:/Users/Boris_2/Documents/MIPS 445/Project5_Boris_Reinosa/lab5/ADD.vhd" 2015/10/28.10:23:04 P.20131013
FL "C:/Users/Boris_2/Documents/MIPS 445/Project5_Boris_Reinosa/lab5/alu(1).vhd" 2015/10/31.13:33:38 P.20131013
FL "C:/Users/Boris_2/Documents/MIPS 445/Project5_Boris_Reinosa/lab5/ALUControl.vhd" 2015/11/08.19:57:39 P.20131013
FL "C:/Users/Boris_2/Documents/MIPS 445/Project5_Boris_Reinosa/lab5/ControlUnit.vhd" 2015/11/21.18:20:29 P.20131013
FL "C:/Users/Boris_2/Documents/MIPS 445/Project5_Boris_Reinosa/lab5/datamem(2).vhd" 2015/11/13.23:17:37 P.20131013
FL "C:/Users/Boris_2/Documents/MIPS 445/Project5_Boris_Reinosa/lab5/datamem(3).vhd" 2015/12/05.13:52:46 P.20131013
FL "C:/Users/Boris_2/Documents/MIPS 445/Project5_Boris_Reinosa/lab5/Dflipflop.vhd" 2015/10/28.09:32:44 P.20131013
FL "C:/Users/Boris_2/Documents/MIPS 445/Project5_Boris_Reinosa/lab5/DflipflopEn.vhd" 2015/12/05.17:46:43 P.20131013
FL "C:/Users/Boris_2/Documents/MIPS 445/Project5_Boris_Reinosa/lab5/FiveBitMux.vhd" 2015/10/28.10:32:20 P.20131013
FL "C:/Users/Boris_2/Documents/MIPS 445/Project5_Boris_Reinosa/lab5/instmem(2).vhd" 2015/11/22.19:24:53 P.20131013
FL "C:/Users/Boris_2/Documents/MIPS 445/Project5_Boris_Reinosa/lab5/instmem(4).vhd" 2015/12/06.21:26:30 P.20131013
FL "C:/Users/Boris_2/Documents/MIPS 445/Project5_Boris_Reinosa/lab5/linkMux.vhd" 2015/11/08.19:13:08 P.20131013
FL "C:/Users/Boris_2/Documents/MIPS 445/Project5_Boris_Reinosa/lab5/MemoryMappedIO.vhd" 2015/12/05.17:38:51 P.20131013
FL "C:/Users/Boris_2/Documents/MIPS 445/Project5_Boris_Reinosa/lab5/PC.vhd" 2015/10/28.09:32:46 P.20131013
FL "C:/Users/Boris_2/Documents/MIPS 445/Project5_Boris_Reinosa/lab5/PCADD.vhd" 2015/10/28.09:32:46 P.20131013
FL "C:/Users/Boris_2/Documents/MIPS 445/Project5_Boris_Reinosa/lab5/REGEn.vhd" 2015/12/05.17:38:04 P.20131013
FL "C:/Users/Boris_2/Documents/MIPS 445/Project5_Boris_Reinosa/lab5/regfile(1).vhd" 2015/10/29.18:10:56 P.20131013
FL "C:/Users/Boris_2/Documents/MIPS 445/Project5_Boris_Reinosa/lab5/shiftTwo.vhd" 2015/10/28.10:18:14 P.20131013
FL "C:/Users/Boris_2/Documents/MIPS 445/Project5_Boris_Reinosa/lab5/signExtend.vhd" 2015/10/31.14:38:59 P.20131013
FL "C:/Users/Boris_2/Documents/MIPS 445/Project5_Boris_Reinosa/lab5/thirtyTwoMux.vhd" 2015/10/28.10:29:22 P.20131013
FL "C:/Users/Boris_2/Documents/MIPS 445/Project5_Boris_Reinosa/lab5/thirty_two_bit_register.vhd" 2015/12/05.17:33:29 P.20131013
FL "C:/Users/Boris_2/Documents/MIPS 445/Project5_Boris_Reinosa/lab5/toplevel(1).vhd" 2015/10/31.11:38:13 P.20131013
FL "C:/Users/Boris_2/Documents/MIPS 445/Project5_Boris_Reinosa/lab5/toplevel(3).vhd" 2015/12/05.14:19:28 P.20131013
FL "C:/Users/Boris_2/Documents/MIPS 445/Project6_Boris_Reinosa/lab6/ADD.vhd" 2015/10/28.10:23:04 P.20131013
EN work/ADD 1449456275 \
      FL "C:/Users/Boris_2/Documents/MIPS 445/Project6_Boris_Reinosa/lab6/ADD.vhd" \
      PB ieee/std_logic_1164 1381692176 PB ieee/STD_LOGIC_SIGNED 1381692178
AR work/ADD/Behavioral 1449456276 \
      FL "C:/Users/Boris_2/Documents/MIPS 445/Project6_Boris_Reinosa/lab6/ADD.vhd" \
      EN work/ADD 1449456275
FL "C:/Users/Boris_2/Documents/MIPS 445/Project6_Boris_Reinosa/lab6/alu(1).vhd" 2015/10/31.13:33:38 P.20131013
EN work/ALU 1449456277 \
      FL "C:/Users/Boris_2/Documents/MIPS 445/Project6_Boris_Reinosa/lab6/alu(1).vhd" \
      PB ieee/std_logic_1164 1381692176 PB ieee/STD_LOGIC_UNSIGNED 1381692179 \
      PB ieee/NUMERIC_STD 1381692181
AR work/ALU/Behavioral 1449456278 \
      FL "C:/Users/Boris_2/Documents/MIPS 445/Project6_Boris_Reinosa/lab6/alu(1).vhd" \
      EN work/ALU 1449456277
FL "C:/Users/Boris_2/Documents/MIPS 445/Project6_Boris_Reinosa/lab6/ALUControl.vhd" 2015/11/08.19:57:39 P.20131013
EN work/ALUControl 1449456279 \
      FL "C:/Users/Boris_2/Documents/MIPS 445/Project6_Boris_Reinosa/lab6/ALUControl.vhd" \
      PB ieee/std_logic_1164 1381692176
AR work/ALUControl/Behavioral 1449456280 \
      FL "C:/Users/Boris_2/Documents/MIPS 445/Project6_Boris_Reinosa/lab6/ALUControl.vhd" \
      EN work/ALUControl 1449456279
FL "C:/Users/Boris_2/Documents/MIPS 445/Project6_Boris_Reinosa/lab6/ControlUnit.vhd" 2015/11/21.18:20:29 P.20131013
EN work/ControlUnit 1449456281 \
      FL "C:/Users/Boris_2/Documents/MIPS 445/Project6_Boris_Reinosa/lab6/ControlUnit.vhd" \
      PB ieee/std_logic_1164 1381692176
AR work/ControlUnit/Behavioral 1449456282 \
      FL "C:/Users/Boris_2/Documents/MIPS 445/Project6_Boris_Reinosa/lab6/ControlUnit.vhd" \
      EN work/ControlUnit 1449456281
FL "C:/Users/Boris_2/Documents/MIPS 445/Project6_Boris_Reinosa/lab6/datamem(3).vhd" 2015/12/05.13:52:46 P.20131013
EN work/datamem 1449456283 \
      FL "C:/Users/Boris_2/Documents/MIPS 445/Project6_Boris_Reinosa/lab6/datamem(3).vhd" \
      PB ieee/std_logic_1164 1381692176 PB ieee/STD_LOGIC_UNSIGNED 1381692179 \
      PB ieee/std_logic_arith 1381692177
AR work/datamem/Behavioral 1449456284 \
      FL "C:/Users/Boris_2/Documents/MIPS 445/Project6_Boris_Reinosa/lab6/datamem(3).vhd" \
      EN work/datamem 1449456283
FL "C:/Users/Boris_2/Documents/MIPS 445/Project6_Boris_Reinosa/lab6/Dflipflop.vhd" 2015/10/28.09:32:44 P.20131013
EN work/Dflipflop 1449456265 \
      FL "C:/Users/Boris_2/Documents/MIPS 445/Project6_Boris_Reinosa/lab6/Dflipflop.vhd" \
      PB ieee/std_logic_1164 1381692176
AR work/Dflipflop/Behavioral 1449456266 \
      FL "C:/Users/Boris_2/Documents/MIPS 445/Project6_Boris_Reinosa/lab6/Dflipflop.vhd" \
      EN work/Dflipflop 1449456265
FL "C:/Users/Boris_2/Documents/MIPS 445/Project6_Boris_Reinosa/lab6/DflipflopEn.vhd" 2015/12/05.17:46:43 P.20131013
EN work/DflipflopEn 1449456267 \
      FL "C:/Users/Boris_2/Documents/MIPS 445/Project6_Boris_Reinosa/lab6/DflipflopEn.vhd" \
      PB ieee/std_logic_1164 1381692176
AR work/DflipflopEn/Behavioral 1449456268 \
      FL "C:/Users/Boris_2/Documents/MIPS 445/Project6_Boris_Reinosa/lab6/DflipflopEn.vhd" \
      EN work/DflipflopEn 1449456267
FL "C:/Users/Boris_2/Documents/MIPS 445/Project6_Boris_Reinosa/lab6/FiveBitMux.vhd" 2015/10/28.10:32:20 P.20131013
EN work/FiveBitMux 1449456285 \
      FL "C:/Users/Boris_2/Documents/MIPS 445/Project6_Boris_Reinosa/lab6/FiveBitMux.vhd" \
      PB ieee/std_logic_1164 1381692176
AR work/FiveBitMux/Behavioral 1449456286 \
      FL "C:/Users/Boris_2/Documents/MIPS 445/Project6_Boris_Reinosa/lab6/FiveBitMux.vhd" \
      EN work/FiveBitMux 1449456285
FL "C:/Users/Boris_2/Documents/MIPS 445/Project6_Boris_Reinosa/lab6/instmem(4).vhd" 2015/12/06.21:43:17 P.20131013
EN work/instmem 1449456287 \
      FL "C:/Users/Boris_2/Documents/MIPS 445/Project6_Boris_Reinosa/lab6/instmem(4).vhd" \
      PB ieee/std_logic_1164 1381692176 PB ieee/std_logic_arith 1381692177 \
      PB ieee/STD_LOGIC_UNSIGNED 1381692179
AR work/instmem/Behavioral 1449456288 \
      FL "C:/Users/Boris_2/Documents/MIPS 445/Project6_Boris_Reinosa/lab6/instmem(4).vhd" \
      EN work/instmem 1449456287
FL "C:/Users/Boris_2/Documents/MIPS 445/Project6_Boris_Reinosa/lab6/linkMux.vhd" 2015/11/08.19:13:08 P.20131013
EN work/linkMux 1449456289 \
      FL "C:/Users/Boris_2/Documents/MIPS 445/Project6_Boris_Reinosa/lab6/linkMux.vhd" \
      PB ieee/std_logic_1164 1381692176
AR work/linkMux/Behavioral 1449456290 \
      FL "C:/Users/Boris_2/Documents/MIPS 445/Project6_Boris_Reinosa/lab6/linkMux.vhd" \
      EN work/linkMux 1449456289
FL "C:/Users/Boris_2/Documents/MIPS 445/Project6_Boris_Reinosa/lab6/MemoryMappedIO.vhd" 2015/12/05.17:38:51 P.20131013
EN work/MemoryMappedIO 1449456291 \
      FL "C:/Users/Boris_2/Documents/MIPS 445/Project6_Boris_Reinosa/lab6/MemoryMappedIO.vhd" \
      PB ieee/std_logic_1164 1381692176 PB ieee/STD_LOGIC_UNSIGNED 1381692179 \
      PB ieee/NUMERIC_STD 1381692181
AR work/MemoryMappedIO/Behavioral 1449456292 \
      FL "C:/Users/Boris_2/Documents/MIPS 445/Project6_Boris_Reinosa/lab6/MemoryMappedIO.vhd" \
      EN work/MemoryMappedIO 1449456291 CP REGEn
FL "C:/Users/Boris_2/Documents/MIPS 445/Project6_Boris_Reinosa/lab6/PC.vhd" 2015/10/28.09:32:46 P.20131013
EN work/PC 1449456293 \
      FL "C:/Users/Boris_2/Documents/MIPS 445/Project6_Boris_Reinosa/lab6/PC.vhd" \
      PB ieee/std_logic_1164 1381692176
AR work/PC/Structural 1449456294 \
      FL "C:/Users/Boris_2/Documents/MIPS 445/Project6_Boris_Reinosa/lab6/PC.vhd" \
      EN work/PC 1449456293 CP thirty_two_bit_register
FL "C:/Users/Boris_2/Documents/MIPS 445/Project6_Boris_Reinosa/lab6/PCADD.vhd" 2015/10/28.09:32:46 P.20131013
EN work/PCADD 1449456295 \
      FL "C:/Users/Boris_2/Documents/MIPS 445/Project6_Boris_Reinosa/lab6/PCADD.vhd" \
      PB ieee/std_logic_1164 1381692176 PB ieee/STD_LOGIC_SIGNED 1381692178
AR work/PCADD/Behavioral 1449456296 \
      FL "C:/Users/Boris_2/Documents/MIPS 445/Project6_Boris_Reinosa/lab6/PCADD.vhd" \
      EN work/PCADD 1449456295
FL "C:/Users/Boris_2/Documents/MIPS 445/Project6_Boris_Reinosa/lab6/REGEn.vhd" 2015/12/05.17:38:04 P.20131013
EN work/REGEn 1449456271 \
      FL "C:/Users/Boris_2/Documents/MIPS 445/Project6_Boris_Reinosa/lab6/REGEn.vhd" \
      PB ieee/std_logic_1164 1381692176
AR work/REGEn/Behavioral 1449456272 \
      FL "C:/Users/Boris_2/Documents/MIPS 445/Project6_Boris_Reinosa/lab6/REGEn.vhd" \
      EN work/REGEn 1449456271 CP work/DflipflopEn
FL "C:/Users/Boris_2/Documents/MIPS 445/Project6_Boris_Reinosa/lab6/regfile(1).vhd" 2015/10/29.18:10:56 P.20131013
EN work/regfile 1449456297 \
      FL "C:/Users/Boris_2/Documents/MIPS 445/Project6_Boris_Reinosa/lab6/regfile(1).vhd" \
      PB ieee/std_logic_1164 1381692176 PB ieee/std_logic_arith 1381692177 \
      PB ieee/STD_LOGIC_UNSIGNED 1381692179
AR work/regfile/Behavioral 1449456298 \
      FL "C:/Users/Boris_2/Documents/MIPS 445/Project6_Boris_Reinosa/lab6/regfile(1).vhd" \
      EN work/regfile 1449456297
FL "C:/Users/Boris_2/Documents/MIPS 445/Project6_Boris_Reinosa/lab6/shiftTwo.vhd" 2015/10/28.10:18:14 P.20131013
EN work/shiftTwo 1449456299 \
      FL "C:/Users/Boris_2/Documents/MIPS 445/Project6_Boris_Reinosa/lab6/shiftTwo.vhd" \
      PB ieee/std_logic_1164 1381692176
AR work/shiftTwo/Behavioral 1449456300 \
      FL "C:/Users/Boris_2/Documents/MIPS 445/Project6_Boris_Reinosa/lab6/shiftTwo.vhd" \
      EN work/shiftTwo 1449456299
FL "C:/Users/Boris_2/Documents/MIPS 445/Project6_Boris_Reinosa/lab6/signExtend.vhd" 2015/10/31.14:38:59 P.20131013
EN work/signExtend 1449456301 \
      FL "C:/Users/Boris_2/Documents/MIPS 445/Project6_Boris_Reinosa/lab6/signExtend.vhd" \
      PB ieee/std_logic_1164 1381692176
AR work/signExtend/Behavioral 1449456302 \
      FL "C:/Users/Boris_2/Documents/MIPS 445/Project6_Boris_Reinosa/lab6/signExtend.vhd" \
      EN work/signExtend 1449456301
FL "C:/Users/Boris_2/Documents/MIPS 445/Project6_Boris_Reinosa/lab6/thirtyTwoMux.vhd" 2015/10/28.10:29:22 P.20131013
EN work/thirtyTwoMux 1449456303 \
      FL "C:/Users/Boris_2/Documents/MIPS 445/Project6_Boris_Reinosa/lab6/thirtyTwoMux.vhd" \
      PB ieee/std_logic_1164 1381692176
AR work/thirtyTwoMux/Behavioral 1449456304 \
      FL "C:/Users/Boris_2/Documents/MIPS 445/Project6_Boris_Reinosa/lab6/thirtyTwoMux.vhd" \
      EN work/thirtyTwoMux 1449456303
FL "C:/Users/Boris_2/Documents/MIPS 445/Project6_Boris_Reinosa/lab6/thirty_two_bit_register.vhd" 2015/12/05.17:33:29 P.20131013
EN work/thirty_two_bit_register 1449456269 \
      FL "C:/Users/Boris_2/Documents/MIPS 445/Project6_Boris_Reinosa/lab6/thirty_two_bit_register.vhd" \
      PB ieee/std_logic_1164 1381692176
AR work/thirty_two_bit_register/Structural 1449456270 \
      FL "C:/Users/Boris_2/Documents/MIPS 445/Project6_Boris_Reinosa/lab6/thirty_two_bit_register.vhd" \
      EN work/thirty_two_bit_register 1449456269 CP work/Dflipflop
FL "C:/Users/Boris_2/Documents/MIPS 445/Project6_Boris_Reinosa/lab6/toplevel(3).vhd" 2015/12/05.14:19:28 P.20131013
EN work/toplevel 1449456273 \
      FL "C:/Users/Boris_2/Documents/MIPS 445/Project6_Boris_Reinosa/lab6/toplevel(3).vhd" \
      PB ieee/std_logic_1164 1381692176 PB ieee/STD_LOGIC_UNSIGNED 1381692179
AR work/toplevel/Behavioral 1449456274 \
      FL "C:/Users/Boris_2/Documents/MIPS 445/Project6_Boris_Reinosa/lab6/toplevel(3).vhd" \
      EN work/toplevel 1449456273 CP Data_Path
FL C:/Users/breinosa/Desktop/Project3_Boris_Reinosa/project3/ADD.vhd 2015/10/28.11:23:03 P.20131013
FL C:/Users/breinosa/Desktop/Project3_Boris_Reinosa/project3/alu(1).vhd 2015/10/28.10:32:42 P.20131013
FL C:/Users/breinosa/Desktop/Project3_Boris_Reinosa/project3/ALUControl.vhd 2015/10/28.14:04:01 P.20131013
FL C:/Users/breinosa/Desktop/Project3_Boris_Reinosa/project3/ControlUnit.vhd 2015/10/29.19:05:19 P.20131013
FL C:/Users/breinosa/Desktop/Project3_Boris_Reinosa/project3/FiveBitMux.vhd 2015/10/28.11:32:18 P.20131013
FL C:/Users/breinosa/Desktop/Project3_Boris_Reinosa/project3/PCADD.vhd 2015/10/28.10:32:45 P.20131013
FL C:/Users/breinosa/Desktop/Project3_Boris_Reinosa/project3/shiftTwo.vhd 2015/10/28.11:18:13 P.20131013
FL C:/Users/breinosa/Desktop/Project3_Boris_Reinosa/project3/signExtend.vhd 2015/10/28.11:05:36 P.20131013
FL C:/Users/breinosa/Desktop/Project3_Boris_Reinosa/project3/thirtyTwoMux.vhd 2015/10/28.11:29:20 P.20131013
